// Jest Snapshot v1, https://goo.gl/fbAQLP

exports[`renders correctly 1`] = `
<div>
  <div
    class="group"
    data-test-id="Group-Container"
  >
    <div
      class="block"
    >
      <div
        class="block"
      />
      <div
        class="block"
      />
      <div
        class="block"
      />
    </div>
    <div
      class="block"
    />
    <div
      class="block"
    />
  </div>
</div>
`;
